lane files 18; entries 330; with unfix in lane 29
S1P4-C4-5-ARITY	run:test:app	apps/rn/src/store/guardianSelectors.ts
S1P4-C4-2-MEMBERSHIP	run:test:app	apps/rn/src/store/trustSelectors.ts
S1P3-C1-ROWFIGURES	cmd:["npx","playwright","test","--config","apps/rn/playwright.config.ts","trust-claims.spec.ts","-g","C-1"]	apps/rn/src/store/trustSelectors.ts
S1P3-C5-PAYWALL	run:test:app	apps/rn/src/store/paywallLead.ts
S1P3-G1-CALIBRATION	run:test:app	apps/rn/src/store/guardianSelectors.ts
S1P3-G2-RESERVETARGET	run:test:app	apps/rn/src/store/guardianSelectors.ts
S1P3-G3-GUARDIANREGIME	run:test:app	apps/rn/src/store/guardianSelectors.ts
S1P3-G4-PLANROUTE	run:test:app	apps/rn/src/store/trustSelectors.ts
S1P3-G5-SAVINGSPOOL	run:test:app	apps/rn/src/store/guardianSelectors.ts,apps/rn/src/store/guardianSelectors.ts
S1P4-F-B4-CLASS	run:test:app	apps/rn/src/store/trustSelectors.ts
S1P4-ACK-DOES-NOT-VERIFY	run:test:app	apps/rn/src/store/trustSelectors.ts
S1P5-B5-7-ANSWERABLEID	run:test:app	apps/rn/src/store/trustSelectors.ts
S1P5-C5-3-SHEETBALANCE	run:test:app	apps/rn/src/store/logPaymentCopy.ts
S1P6-B1-1-UNREADSTILLLIVE	run:test:app	apps/rn/src/store/payoffCelebration.ts
S1P6-A3-14-HYSTERESIS	run:test:regression	packages/core/guardian/buildGuardianBrief.ts
S1P6-B1-4-LEDGER-NOT-BAN	run:test:app	apps/rn/src/store/trustSelectors.ts
S1P7-U11-WELDED-TOKEN	run:lint:finding-guards	apps/rn/src/store/trustSelectors.test.ts
S1-CLASS4-A2-1	run:test:app	apps/rn/src/store/selectors.ts,apps/rn/src/store/selectors.ts
S1-CLASS4-A3-1	run:test:app	apps/rn/src/store/selectors.ts,apps/rn/src/store/selectors.ts
S1-CLASS4-A3-2	run:test:app	apps/rn/src/store/selectors.ts,apps/rn/src/store/selectors.ts
S1-CLASS4-F7-HEADSUP	cmd:["npx","tsx","--tsconfig","apps/rn/tsconfig.json","apps/rn/src/store/inWindowReaders.test.ts"]	apps/rn/src/store/guardianSelectors.ts
S1-CLASS4-R2-1-CAP	cmd:["npx","tsx","--tsconfig","apps/rn/tsconfig.json","apps/rn/src/store/inWindowReaders.test.ts"]	apps/rn/src/store/guardianSelectors.ts,apps/rn/src/store/guardianSelectors.ts
S1P7-R3-2-HEADSUPTOTAL	cmd:["npx","tsx","--tsconfig","apps/rn/tsconfig.json","apps/rn/src/store/inWindowReaders.test.ts"]	apps/rn/src/store/guardianSelectors.ts,apps/rn/src/store/guardianSelectors.ts
S1P7-R3-4-FREEDPERMONTH	run:test:app	apps/rn/src/store/payoffCelebration.ts
S1P7-R4-1-ONETIMELUMP	run:test:app	apps/rn/src/store/payoffCelebration.ts
S1P7-B1-1-SAVEFORIT-PACE-KEPT	run:test:app	apps/rn/src/store/guardianSelectors.ts
S1P7-C3-14-GOALS-HERO-COUNT	run:test:app	apps/rn/src/components/plan/dataRepairsCopy.ts
S1P7-57-2B-CLAIM-LATTICE	run:test:app	apps/rn/src/store/trustSelectors.ts
S1P7-B1-2-OFFER-ASKS-ENGINE	run:test:app	apps/rn/src/store/expenseReserveSelectors.ts
