{"premium":false,"income":550,"already":0,"pot":0,"crunch":false,"offer":156.92,"spare":440,"promisedTotal":156.92,"held":156.92,"potAfter":156.92,"reserveNow":156.92,"bad":false}
{"premium":false,"income":550,"already":0,"pot":0,"crunch":true,"offer":372.31,"spare":440,"promisedTotal":372.31,"held":372.31,"potAfter":372.31,"reserveNow":372.31,"bad":false}
{"premium":false,"income":550,"already":0,"pot":300,"crunch":false,"offer":156.92,"spare":440,"promisedTotal":156.92,"held":156.92,"potAfter":456.92,"reserveNow":456.92,"bad":false}
{"premium":false,"income":550,"already":0,"pot":300,"crunch":true,"offer":372.31,"spare":440,"promisedTotal":372.31,"held":372.31,"potAfter":672.31,"reserveNow":672.31,"bad":false}
{"premium":false,"income":550,"already":50,"pot":0,"crunch":false,"offer":106.92,"spare":440,"promisedTotal":156.92,"held":156.92,"potAfter":156.92,"reserveNow":156.92,"bad":false}
{"premium":false,"income":550,"already":50,"pot":0,"crunch":true,"offer":322.31,"spare":440,"promisedTotal":372.31,"held":372.31,"potAfter":372.31,"reserveNow":372.31,"bad":false}
{"premium":false,"income":550,"already":50,"pot":300,"crunch":false,"offer":106.92,"spare":440,"promisedTotal":156.92,"held":156.92,"potAfter":456.92,"reserveNow":456.92,"bad":false}
{"premium":false,"income":550,"already":50,"pot":300,"crunch":true,"offer":322.31,"spare":440,"promisedTotal":372.31,"held":372.31,"potAfter":672.31,"reserveNow":672.31,"bad":false}
{"premium":false,"income":550,"already":100,"pot":0,"crunch":false,"offer":56.92,"spare":440,"promisedTotal":156.92,"held":156.92,"potAfter":156.92,"reserveNow":156.92,"bad":false}
{"premium":false,"income":550,"already":100,"pot":0,"crunch":true,"offer":272.31,"spare":440,"promisedTotal":372.31,"held":372.31,"potAfter":372.31,"reserveNow":372.31,"bad":false}
{"premium":false,"income":550,"already":100,"pot":300,"crunch":false,"offer":56.92,"spare":440,"promisedTotal":156.92,"held":156.92,"potAfter":456.92,"reserveNow":456.92,"bad":false}
{"premium":false,"income":550,"already":100,"pot":300,"crunch":true,"offer":272.31,"spare":440,"promisedTotal":372.31,"held":372.31,"potAfter":672.31,"reserveNow":672.31,"bad":false}
{"premium":false,"income":900,"already":0,"pot":0,"crunch":false,"offer":156.92,"spare":790,"promisedTotal":156.92,"held":156.92,"potAfter":156.92,"reserveNow":156.92,"bad":false}
{"premium":false,"income":900,"already":0,"pot":0,"crunch":true,"offer":372.31,"spare":790,"promisedTotal":372.31,"held":372.31,"potAfter":372.31,"reserveNow":372.31,"bad":false}
{"premium":false,"income":900,"already":0,"pot":300,"crunch":false,"offer":156.92,"spare":790,"promisedTotal":156.92,"held":156.92,"potAfter":456.92,"reserveNow":456.92,"bad":false}
{"premium":false,"income":900,"already":0,"pot":300,"crunch":true,"offer":372.31,"spare":790,"promisedTotal":372.31,"held":372.31,"potAfter":672.31,"reserveNow":672.31,"bad":false}
{"premium":false,"income":900,"already":50,"pot":0,"crunch":false,"offer":106.92,"spare":790,"promisedTotal":156.92,"held":156.92,"potAfter":156.92,"reserveNow":156.92,"bad":false}
{"premium":false,"income":900,"already":50,"pot":0,"crunch":true,"offer":322.31,"spare":790,"promisedTotal":372.31,"held":372.31,"potAfter":372.31,"reserveNow":372.31,"bad":false}
{"premium":false,"income":900,"already":50,"pot":300,"crunch":false,"offer":106.92,"spare":790,"promisedTotal":156.92,"held":156.92,"potAfter":456.92,"reserveNow":456.92,"bad":false}
{"premium":false,"income":900,"already":50,"pot":300,"crunch":true,"offer":322.31,"spare":790,"promisedTotal":372.31,"held":372.31,"potAfter":672.31,"reserveNow":672.31,"bad":false}
{"premium":false,"income":900,"already":100,"pot":0,"crunch":false,"offer":56.92,"spare":790,"promisedTotal":156.92,"held":156.92,"potAfter":156.92,"reserveNow":156.92,"bad":false}
{"premium":false,"income":900,"already":100,"pot":0,"crunch":true,"offer":272.31,"spare":790,"promisedTotal":372.31,"held":372.31,"potAfter":372.31,"reserveNow":372.31,"bad":false}
{"premium":false,"income":900,"already":100,"pot":300,"crunch":false,"offer":56.92,"spare":790,"promisedTotal":156.92,"held":156.92,"potAfter":456.92,"reserveNow":456.92,"bad":false}
{"premium":false,"income":900,"already":100,"pot":300,"crunch":true,"offer":272.31,"spare":790,"promisedTotal":372.31,"held":372.31,"potAfter":672.31,"reserveNow":672.31,"bad":false}
{"premium":false,"income":2000,"already":0,"pot":0,"crunch":false,"offer":156.92,"spare":1890,"promisedTotal":156.92,"held":156.92,"potAfter":156.92,"reserveNow":156.92,"bad":false}
{"premium":false,"income":2000,"already":0,"pot":0,"crunch":true,"offer":372.31,"spare":1890,"promisedTotal":372.31,"held":372.31,"potAfter":372.31,"reserveNow":372.31,"bad":false}
{"premium":false,"income":2000,"already":0,"pot":300,"crunch":false,"offer":156.92,"spare":1890,"promisedTotal":156.92,"held":156.92,"potAfter":456.92,"reserveNow":456.92,"bad":false}
{"premium":false,"income":2000,"already":0,"pot":300,"crunch":true,"offer":372.31,"spare":1890,"promisedTotal":372.31,"held":372.31,"potAfter":672.31,"reserveNow":672.31,"bad":false}
{"premium":false,"income":2000,"already":50,"pot":0,"crunch":false,"offer":106.92,"spare":1890,"promisedTotal":156.92,"held":156.92,"potAfter":156.92,"reserveNow":156.92,"bad":false}
{"premium":false,"income":2000,"already":50,"pot":0,"crunch":true,"offer":322.31,"spare":1890,"promisedTotal":372.31,"held":372.31,"potAfter":372.31,"reserveNow":372.31,"bad":false}
{"premium":false,"income":2000,"already":50,"pot":300,"crunch":false,"offer":106.92,"spare":1890,"promisedTotal":156.92,"held":156.92,"potAfter":456.92,"reserveNow":456.92,"bad":false}
{"premium":false,"income":2000,"already":50,"pot":300,"crunch":true,"offer":322.31,"spare":1890,"promisedTotal":372.31,"held":372.31,"potAfter":672.31,"reserveNow":672.31,"bad":false}
{"premium":false,"income":2000,"already":100,"pot":0,"crunch":false,"offer":56.92,"spare":1890,"promisedTotal":156.92,"held":156.92,"potAfter":156.92,"reserveNow":156.92,"bad":false}
{"premium":false,"income":2000,"already":100,"pot":0,"crunch":true,"offer":272.31,"spare":1890,"promisedTotal":372.31,"held":372.31,"potAfter":372.31,"reserveNow":372.31,"bad":false}
{"premium":false,"income":2000,"already":100,"pot":300,"crunch":false,"offer":56.92,"spare":1890,"promisedTotal":156.92,"held":156.92,"potAfter":456.92,"reserveNow":456.92,"bad":false}
{"premium":false,"income":2000,"already":100,"pot":300,"crunch":true,"offer":272.31,"spare":1890,"promisedTotal":372.31,"held":372.31,"potAfter":672.31,"reserveNow":672.31,"bad":false}
{"premium":true,"income":550,"already":0,"pot":0,"crunch":false,"offer":156.92,"spare":390,"promisedTotal":156.92,"held":156.92,"potAfter":156.92,"reserveNow":156.92,"bad":false}
{"premium":true,"income":550,"already":0,"pot":0,"crunch":true,"offer":372.31,"spare":390,"promisedTotal":372.31,"held":372.31,"potAfter":372.31,"reserveNow":372.31,"bad":false}
{"premium":true,"income":550,"already":0,"pot":300,"crunch":false,"offer":156.92,"spare":390,"promisedTotal":156.92,"held":156.92,"potAfter":456.92,"reserveNow":456.92,"bad":false}
{"premium":true,"income":550,"already":0,"pot":300,"crunch":true,"offer":372.31,"spare":390,"promisedTotal":372.31,"held":372.31,"potAfter":672.31,"reserveNow":672.31,"bad":false}
{"premium":true,"income":550,"already":50,"pot":0,"crunch":false,"offer":106.92,"spare":390,"promisedTotal":156.92,"held":156.92,"potAfter":156.92,"reserveNow":156.92,"bad":false}
{"premium":true,"income":550,"already":50,"pot":0,"crunch":true,"offer":322.31,"spare":390,"promisedTotal":372.31,"held":372.31,"potAfter":372.31,"reserveNow":372.31,"bad":false}
{"premium":true,"income":550,"already":50,"pot":300,"crunch":false,"offer":106.92,"spare":390,"promisedTotal":156.92,"held":156.92,"potAfter":456.92,"reserveNow":456.92,"bad":false}
{"premium":true,"income":550,"already":50,"pot":300,"crunch":true,"offer":322.31,"spare":390,"promisedTotal":372.31,"held":372.31,"potAfter":672.31,"reserveNow":672.31,"bad":false}
{"premium":true,"income":550,"already":100,"pot":0,"crunch":false,"offer":56.92,"spare":390,"promisedTotal":156.92,"held":156.92,"potAfter":156.92,"reserveNow":156.92,"bad":false}
{"premium":true,"income":550,"already":100,"pot":0,"crunch":true,"offer":272.31,"spare":390,"promisedTotal":372.31,"held":372.31,"potAfter":372.31,"reserveNow":372.31,"bad":false}
{"premium":true,"income":550,"already":100,"pot":300,"crunch":false,"offer":56.92,"spare":390,"promisedTotal":156.92,"held":156.92,"potAfter":456.92,"reserveNow":456.92,"bad":false}
{"premium":true,"income":550,"already":100,"pot":300,"crunch":true,"offer":272.31,"spare":390,"promisedTotal":372.31,"held":372.31,"potAfter":672.31,"reserveNow":672.31,"bad":false}
{"premium":true,"income":900,"already":0,"pot":0,"crunch":false,"offer":156.92,"spare":740,"promisedTotal":156.92,"held":156.92,"potAfter":156.92,"reserveNow":156.92,"bad":false}
{"premium":true,"income":900,"already":0,"pot":0,"crunch":true,"offer":372.31,"spare":740,"promisedTotal":372.31,"held":372.31,"potAfter":372.31,"reserveNow":372.31,"bad":false}
{"premium":true,"income":900,"already":0,"pot":300,"crunch":false,"offer":156.92,"spare":740,"promisedTotal":156.92,"held":156.92,"potAfter":456.92,"reserveNow":456.92,"bad":false}
{"premium":true,"income":900,"already":0,"pot":300,"crunch":true,"offer":372.31,"spare":740,"promisedTotal":372.31,"held":372.31,"potAfter":672.31,"reserveNow":672.31,"bad":false}
{"premium":true,"income":900,"already":50,"pot":0,"crunch":false,"offer":106.92,"spare":740,"promisedTotal":156.92,"held":156.92,"potAfter":156.92,"reserveNow":156.92,"bad":false}
{"premium":true,"income":900,"already":50,"pot":0,"crunch":true,"offer":322.31,"spare":740,"promisedTotal":372.31,"held":372.31,"potAfter":372.31,"reserveNow":372.31,"bad":false}
{"premium":true,"income":900,"already":50,"pot":300,"crunch":false,"offer":106.92,"spare":740,"promisedTotal":156.92,"held":156.92,"potAfter":456.92,"reserveNow":456.92,"bad":false}
{"premium":true,"income":900,"already":50,"pot":300,"crunch":true,"offer":322.31,"spare":740,"promisedTotal":372.31,"held":372.31,"potAfter":672.31,"reserveNow":672.31,"bad":false}
{"premium":true,"income":900,"already":100,"pot":0,"crunch":false,"offer":56.92,"spare":740,"promisedTotal":156.92,"held":156.92,"potAfter":156.92,"reserveNow":156.92,"bad":false}
{"premium":true,"income":900,"already":100,"pot":0,"crunch":true,"offer":272.31,"spare":740,"promisedTotal":372.31,"held":372.31,"potAfter":372.31,"reserveNow":372.31,"bad":false}
{"premium":true,"income":900,"already":100,"pot":300,"crunch":false,"offer":56.92,"spare":740,"promisedTotal":156.92,"held":156.92,"potAfter":456.92,"reserveNow":456.92,"bad":false}
{"premium":true,"income":900,"already":100,"pot":300,"crunch":true,"offer":272.31,"spare":740,"promisedTotal":372.31,"held":372.31,"potAfter":672.31,"reserveNow":672.31,"bad":false}
{"premium":true,"income":2000,"already":0,"pot":0,"crunch":false,"offer":156.92,"spare":1840,"promisedTotal":156.92,"held":156.92,"potAfter":156.92,"reserveNow":156.92,"bad":false}
{"premium":true,"income":2000,"already":0,"pot":0,"crunch":true,"offer":372.31,"spare":1840,"promisedTotal":372.31,"held":372.31,"potAfter":372.31,"reserveNow":372.31,"bad":false}
{"premium":true,"income":2000,"already":0,"pot":300,"crunch":false,"offer":156.92,"spare":1840,"promisedTotal":156.92,"held":156.92,"potAfter":456.92,"reserveNow":456.92,"bad":false}
{"premium":true,"income":2000,"already":0,"pot":300,"crunch":true,"offer":372.31,"spare":1840,"promisedTotal":372.31,"held":372.31,"potAfter":672.31,"reserveNow":672.31,"bad":false}
{"premium":true,"income":2000,"already":50,"pot":0,"crunch":false,"offer":106.92,"spare":1840,"promisedTotal":156.92,"held":156.92,"potAfter":156.92,"reserveNow":156.92,"bad":false}
{"premium":true,"income":2000,"already":50,"pot":0,"crunch":true,"offer":322.31,"spare":1840,"promisedTotal":372.31,"held":372.31,"potAfter":372.31,"reserveNow":372.31,"bad":false}
{"premium":true,"income":2000,"already":50,"pot":300,"crunch":false,"offer":106.92,"spare":1840,"promisedTotal":156.92,"held":156.92,"potAfter":456.92,"reserveNow":456.92,"bad":false}
{"premium":true,"income":2000,"already":50,"pot":300,"crunch":true,"offer":322.31,"spare":1840,"promisedTotal":372.31,"held":372.31,"potAfter":672.31,"reserveNow":672.31,"bad":false}
{"premium":true,"income":2000,"already":100,"pot":0,"crunch":false,"offer":56.92,"spare":1840,"promisedTotal":156.92,"held":156.92,"potAfter":156.92,"reserveNow":156.92,"bad":false}
{"premium":true,"income":2000,"already":100,"pot":0,"crunch":true,"offer":272.31,"spare":1840,"promisedTotal":372.31,"held":372.31,"potAfter":372.31,"reserveNow":372.31,"bad":false}
{"premium":true,"income":2000,"already":100,"pot":300,"crunch":false,"offer":56.92,"spare":1840,"promisedTotal":156.92,"held":156.92,"potAfter":456.92,"reserveNow":456.92,"bad":false}
{"premium":true,"income":2000,"already":100,"pot":300,"crunch":true,"offer":272.31,"spare":1840,"promisedTotal":372.31,"held":372.31,"potAfter":672.31,"reserveNow":672.31,"bad":false}
{"checked":72,"brokenPromises":0}
